
==========================================================================
global place report_tns
--------------------------------------------------------------------------
tns max 0.00

==========================================================================
global place report_wns
--------------------------------------------------------------------------
wns max 0.00

==========================================================================
global place report_worst_slack
--------------------------------------------------------------------------
worst slack max 509.68

==========================================================================
global place report_checks -path_delay min
--------------------------------------------------------------------------
Startpoint: l_o_v_r$_SDFFE_PP0N_
            (rising edge-triggered flip-flop clocked by core_clock)
Endpoint: l_o_v_r$_SDFFE_PP0N_
          (rising edge-triggered flip-flop clocked by core_clock)
Path Group: core_clock
Path Type: min

Fanout     Cap    Slew   Delay    Time   Description
-----------------------------------------------------------------------------
                  0.00    0.00    0.00   clock core_clock (rise edge)
                          0.00    0.00   clock network delay (ideal)
                  0.00    0.00    0.00 ^ l_o_v_r$_SDFFE_PP0N_/CLK (DFFHQNx1_ASAP7_75t_R)
     1    0.53   11.35   31.29   31.29 ^ l_o_v_r$_SDFFE_PP0N_/QN (DFFHQNx1_ASAP7_75t_R)
                                         _0118_ (net)
                 11.35    0.00   31.30 ^ _0839_/A (INVx1_ASAP7_75t_R)
     2    1.27    9.24    7.74   39.03 v _0839_/Y (INVx1_ASAP7_75t_R)
                                         l_o_v (net)
                  9.24    0.01   39.04 v _1016_/B (NAND2x1_ASAP7_75t_R)
     1    0.90    9.82    9.05   48.10 ^ _1016_/Y (NAND2x1_ASAP7_75t_R)
                                         _0519_ (net)
                  9.82    0.00   48.10 ^ _1019_/A1 (AOI21x1_ASAP7_75t_R)
     1    0.64    5.82    7.44   55.54 v _1019_/Y (AOI21x1_ASAP7_75t_R)
                                         _0155_ (net)
                  5.82    0.01   55.55 v l_o_v_r$_SDFFE_PP0N_/D (DFFHQNx1_ASAP7_75t_R)
                                 55.55   data arrival time

                  0.00    0.00    0.00   clock core_clock (rise edge)
                          0.00    0.00   clock network delay (ideal)
                          0.00    0.00   clock reconvergence pessimism
                                  0.00 ^ l_o_v_r$_SDFFE_PP0N_/CLK (DFFHQNx1_ASAP7_75t_R)
                          8.67    8.67   library hold time
                                  8.67   data required time
-----------------------------------------------------------------------------
                                  8.67   data required time
                                -55.55   data arrival time
-----------------------------------------------------------------------------
                                 46.88   slack (MET)



==========================================================================
global place report_checks -path_delay max
--------------------------------------------------------------------------
Startpoint: l_i[34] (input port clocked by core_clock)
Endpoint: u0_i_bp (output port clocked by core_clock)
Path Group: core_clock
Path Type: max

Fanout     Cap    Slew   Delay    Time   Description
-----------------------------------------------------------------------------
                  0.00    0.00    0.00   clock core_clock (rise edge)
                          0.00    0.00   clock network delay (ideal)
                        200.00  200.00 v input external delay
     4    3.97    0.00    0.00  200.00 v l_i[34] (in)
                                         l_i[34] (net)
                  1.13    0.36  200.36 v _0701_/A (NOR2x1_ASAP7_75t_R)
     5    3.30   26.41   14.72  215.08 ^ _0701_/Y (NOR2x1_ASAP7_75t_R)
                                         _0358_ (net)
                 26.41    0.09  215.17 ^ _0709_/D (AND5x1_ASAP7_75t_R)
     1    1.05   16.11   38.39  253.56 ^ _0709_/Y (AND5x1_ASAP7_75t_R)
                                         _0365_ (net)
                 16.11    0.02  253.58 ^ _0710_/C (AOI221x1_ASAP7_75t_R)
     3    3.21   39.72   20.35  273.93 v _0710_/Y (AOI221x1_ASAP7_75t_R)
                                         _0366_ (net)
                 39.72    0.10  274.03 v _0711_/A (INVx2_ASAP7_75t_R)
     4    3.49   20.06   16.19  290.22 ^ _0711_/Y (INVx2_ASAP7_75t_R)
                                         u0_i_bp (net)
                 20.06    0.10  290.32 ^ u0_i_bp (out)
                                290.32   data arrival time

                  0.00 1000.00 1000.00   clock core_clock (rise edge)
                          0.00 1000.00   clock network delay (ideal)
                          0.00 1000.00   clock reconvergence pessimism
                       -200.00  800.00   output external delay
                                800.00   data required time
-----------------------------------------------------------------------------
                                800.00   data required time
                               -290.32   data arrival time
-----------------------------------------------------------------------------
                                509.68   slack (MET)



==========================================================================
global place report_checks -unconstrained
--------------------------------------------------------------------------
Startpoint: l_i[34] (input port clocked by core_clock)
Endpoint: u0_i_bp (output port clocked by core_clock)
Path Group: core_clock
Path Type: max

Fanout     Cap    Slew   Delay    Time   Description
-----------------------------------------------------------------------------
                  0.00    0.00    0.00   clock core_clock (rise edge)
                          0.00    0.00   clock network delay (ideal)
                        200.00  200.00 v input external delay
     4    3.97    0.00    0.00  200.00 v l_i[34] (in)
                                         l_i[34] (net)
                  1.13    0.36  200.36 v _0701_/A (NOR2x1_ASAP7_75t_R)
     5    3.30   26.41   14.72  215.08 ^ _0701_/Y (NOR2x1_ASAP7_75t_R)
                                         _0358_ (net)
                 26.41    0.09  215.17 ^ _0709_/D (AND5x1_ASAP7_75t_R)
     1    1.05   16.11   38.39  253.56 ^ _0709_/Y (AND5x1_ASAP7_75t_R)
                                         _0365_ (net)
                 16.11    0.02  253.58 ^ _0710_/C (AOI221x1_ASAP7_75t_R)
     3    3.21   39.72   20.35  273.93 v _0710_/Y (AOI221x1_ASAP7_75t_R)
                                         _0366_ (net)
                 39.72    0.10  274.03 v _0711_/A (INVx2_ASAP7_75t_R)
     4    3.49   20.06   16.19  290.22 ^ _0711_/Y (INVx2_ASAP7_75t_R)
                                         u0_i_bp (net)
                 20.06    0.10  290.32 ^ u0_i_bp (out)
                                290.32   data arrival time

                  0.00 1000.00 1000.00   clock core_clock (rise edge)
                          0.00 1000.00   clock network delay (ideal)
                          0.00 1000.00   clock reconvergence pessimism
                       -200.00  800.00   output external delay
                                800.00   data required time
-----------------------------------------------------------------------------
                                800.00   data required time
                               -290.32   data arrival time
-----------------------------------------------------------------------------
                                509.68   slack (MET)



==========================================================================
global place report_power
--------------------------------------------------------------------------
Group                  Internal  Switching    Leakage      Total
                          Power      Power      Power      Power (Watts)
----------------------------------------------------------------
Sequential             1.93e-04   8.46e-06   1.85e-08   2.01e-04  70.3%
Combinational          4.88e-05   3.62e-05   5.17e-08   8.51e-05  29.7%
Clock                  0.00e+00   0.00e+00   0.00e+00   0.00e+00   0.0%
Macro                  0.00e+00   0.00e+00   0.00e+00   0.00e+00   0.0%
Pad                    0.00e+00   0.00e+00   0.00e+00   0.00e+00   0.0%
----------------------------------------------------------------
Total                  2.42e-04   4.47e-05   7.01e-08   2.86e-04 100.0%
                          84.4%      15.6%       0.0%
