
==========================================================================
resizer report_tns
--------------------------------------------------------------------------
tns max 0.00

==========================================================================
resizer report_wns
--------------------------------------------------------------------------
wns max 0.00

==========================================================================
resizer report_worst_slack
--------------------------------------------------------------------------
worst slack max 451.38

==========================================================================
resizer report_checks -path_delay min
--------------------------------------------------------------------------
Startpoint: credit_pi_route_inst.u1_counters_inst.o_credits[4]$_SDFFE_PP1P_
            (rising edge-triggered flip-flop clocked by core_clock)
Endpoint: credit_pi_route_inst.u1_counters_inst.o_credits[4]$_SDFFE_PP1P_
          (rising edge-triggered flip-flop clocked by core_clock)
Path Group: core_clock
Path Type: min

Fanout     Cap    Slew   Delay    Time   Description
-----------------------------------------------------------------------------
                  0.00    0.00    0.00   clock core_clock (rise edge)
                          0.00    0.00   clock network delay (ideal)
                  0.00    0.00    0.00 ^ credit_pi_route_inst.u1_counters_inst.o_credits[4]$_SDFFE_PP1P_/CLK (DFFHQNx1_ASAP7_75t_R)
     2    1.32   16.33   34.97   34.97 ^ credit_pi_route_inst.u1_counters_inst.o_credits[4]$_SDFFE_PP1P_/QN (DFFHQNx1_ASAP7_75t_R)
                                         _0059_ (net)
                 16.33    0.01   34.98 ^ _1529_/A (XOR2x2_ASAP7_75t_R)
     1    0.63    7.46   19.74   54.71 ^ _1529_/Y (XOR2x2_ASAP7_75t_R)
                                         _0155_ (net)
                  7.46    0.01   54.72 ^ _1530_/B (NAND2x1_ASAP7_75t_R)
     1    0.61    6.60    6.03   60.76 v _1530_/Y (NAND2x1_ASAP7_75t_R)
                                         _0140_ (net)
                  6.60    0.01   60.76 v credit_pi_route_inst.u1_counters_inst.o_credits[4]$_SDFFE_PP1P_/D (DFFHQNx1_ASAP7_75t_R)
                                 60.76   data arrival time

                  0.00    0.00    0.00   clock core_clock (rise edge)
                          0.00    0.00   clock network delay (ideal)
                          0.00    0.00   clock reconvergence pessimism
                                  0.00 ^ credit_pi_route_inst.u1_counters_inst.o_credits[4]$_SDFFE_PP1P_/CLK (DFFHQNx1_ASAP7_75t_R)
                          8.60    8.60   library hold time
                                  8.60   data required time
-----------------------------------------------------------------------------
                                  8.60   data required time
                                -60.76   data arrival time
-----------------------------------------------------------------------------
                                 52.17   slack (MET)



==========================================================================
resizer report_checks -path_delay max
--------------------------------------------------------------------------
Startpoint: r_i[33] (input port clocked by core_clock)
Endpoint: credit_pi_route_inst.l_counters_inst.o_credits[4]$_SDFFE_PP1P_
          (rising edge-triggered flip-flop clocked by core_clock)
Path Group: core_clock
Path Type: max

Fanout     Cap    Slew   Delay    Time   Description
-----------------------------------------------------------------------------
                  0.00    0.00    0.00   clock core_clock (rise edge)
                          0.00    0.00   clock network delay (ideal)
                        200.00  200.00 v input external delay
     1    0.98    0.00    0.00  200.00 v r_i[33] (in)
                                         r_i[33] (net)
                  0.10    0.03  200.03 v input105/A (BUFx3_ASAP7_75t_R)
     4    3.82   10.10   12.91  212.94 v input105/Y (BUFx3_ASAP7_75t_R)
                                         net105 (net)
                 10.15    0.42  213.36 v _1201_/C (NOR3x1_ASAP7_75t_R)
     3    2.01   20.58   15.62  228.99 ^ _1201_/Y (NOR3x1_ASAP7_75t_R)
                                         _0930_ (net)
                 20.58    0.07  229.05 ^ _1209_/B1 (AO33x2_ASAP7_75t_R)
     3    3.04   16.55   29.05  258.10 ^ _1209_/Y (AO33x2_ASAP7_75t_R)
                                         _0938_ (net)
                 16.56    0.12  258.22 ^ _1224_/A2 (OAI21x1_ASAP7_75t_R)
     4    3.49   20.91   13.98  272.20 v _1224_/Y (OAI21x1_ASAP7_75t_R)
                                         _0951_ (net)
                 20.91    0.04  272.24 v _1225_/B1 (AOI22x1_ASAP7_75t_R)
    10   12.12   79.15   41.78  314.02 ^ _1225_/Y (AOI22x1_ASAP7_75t_R)
                                         _0952_ (net)
                 79.15    0.18  314.20 ^ _1226_/B (OAI21x1_ASAP7_75t_R)
     7    7.93   54.88   39.81  354.01 v _1226_/Y (OAI21x1_ASAP7_75t_R)
                                         net353 (net)
                 54.88    0.30  354.31 v _2462_/B (HAxp5_ASAP7_75t_R)
     3    2.30   50.39   59.03  413.33 v _2462_/SN (HAxp5_ASAP7_75t_R)
                                         _0024_ (net)
                 50.39    0.02  413.35 v _1378_/A2 (OA21x2_ASAP7_75t_R)
     1    1.13    8.55   27.19  440.54 v _1378_/Y (OA21x2_ASAP7_75t_R)
                                         _1057_ (net)
                  8.55    0.01  440.55 v _1379_/A2 (OAI21x1_ASAP7_75t_R)
     2    1.78   21.74   11.22  451.76 ^ _1379_/Y (OAI21x1_ASAP7_75t_R)
                                         _1058_ (net)
                 21.74    0.06  451.82 ^ _1380_/B (OA211x2_ASAP7_75t_R)
     1    0.58    8.50   21.70  473.52 ^ _1380_/Y (OA211x2_ASAP7_75t_R)
                                         _1059_ (net)
                  8.50    0.01  473.54 ^ _1382_/A2 (AO22x1_ASAP7_75t_R)
     1    1.05   11.62   18.14  491.67 ^ _1382_/Y (AO22x1_ASAP7_75t_R)
                                         _1061_ (net)
                 11.62    0.01  491.68 ^ _1383_/B (XNOR2x2_ASAP7_75t_R)
     1    0.60    7.44   28.56  520.24 v _1383_/Y (XNOR2x2_ASAP7_75t_R)
                                         _1062_ (net)
                  7.44    0.00  520.25 v _1384_/B (OR2x2_ASAP7_75t_R)
     1    0.64    6.88   18.12  538.37 v _1384_/Y (OR2x2_ASAP7_75t_R)
                                         _0110_ (net)
                  6.88    0.00  538.37 v credit_pi_route_inst.l_counters_inst.o_credits[4]$_SDFFE_PP1P_/D (DFFHQNx3_ASAP7_75t_R)
                                538.37   data arrival time

                  0.00 1000.00 1000.00   clock core_clock (rise edge)
                          0.00 1000.00   clock network delay (ideal)
                          0.00 1000.00   clock reconvergence pessimism
                               1000.00 ^ credit_pi_route_inst.l_counters_inst.o_credits[4]$_SDFFE_PP1P_/CLK (DFFHQNx3_ASAP7_75t_R)
                        -10.25  989.75   library setup time
                                989.75   data required time
-----------------------------------------------------------------------------
                                989.75   data required time
                               -538.37   data arrival time
-----------------------------------------------------------------------------
                                451.38   slack (MET)



==========================================================================
resizer report_checks -unconstrained
--------------------------------------------------------------------------
Startpoint: r_i[33] (input port clocked by core_clock)
Endpoint: credit_pi_route_inst.l_counters_inst.o_credits[4]$_SDFFE_PP1P_
          (rising edge-triggered flip-flop clocked by core_clock)
Path Group: core_clock
Path Type: max

Fanout     Cap    Slew   Delay    Time   Description
-----------------------------------------------------------------------------
                  0.00    0.00    0.00   clock core_clock (rise edge)
                          0.00    0.00   clock network delay (ideal)
                        200.00  200.00 v input external delay
     1    0.98    0.00    0.00  200.00 v r_i[33] (in)
                                         r_i[33] (net)
                  0.10    0.03  200.03 v input105/A (BUFx3_ASAP7_75t_R)
     4    3.82   10.10   12.91  212.94 v input105/Y (BUFx3_ASAP7_75t_R)
                                         net105 (net)
                 10.15    0.42  213.36 v _1201_/C (NOR3x1_ASAP7_75t_R)
     3    2.01   20.58   15.62  228.99 ^ _1201_/Y (NOR3x1_ASAP7_75t_R)
                                         _0930_ (net)
                 20.58    0.07  229.05 ^ _1209_/B1 (AO33x2_ASAP7_75t_R)
     3    3.04   16.55   29.05  258.10 ^ _1209_/Y (AO33x2_ASAP7_75t_R)
                                         _0938_ (net)
                 16.56    0.12  258.22 ^ _1224_/A2 (OAI21x1_ASAP7_75t_R)
     4    3.49   20.91   13.98  272.20 v _1224_/Y (OAI21x1_ASAP7_75t_R)
                                         _0951_ (net)
                 20.91    0.04  272.24 v _1225_/B1 (AOI22x1_ASAP7_75t_R)
    10   12.12   79.15   41.78  314.02 ^ _1225_/Y (AOI22x1_ASAP7_75t_R)
                                         _0952_ (net)
                 79.15    0.18  314.20 ^ _1226_/B (OAI21x1_ASAP7_75t_R)
     7    7.93   54.88   39.81  354.01 v _1226_/Y (OAI21x1_ASAP7_75t_R)
                                         net353 (net)
                 54.88    0.30  354.31 v _2462_/B (HAxp5_ASAP7_75t_R)
     3    2.30   50.39   59.03  413.33 v _2462_/SN (HAxp5_ASAP7_75t_R)
                                         _0024_ (net)
                 50.39    0.02  413.35 v _1378_/A2 (OA21x2_ASAP7_75t_R)
     1    1.13    8.55   27.19  440.54 v _1378_/Y (OA21x2_ASAP7_75t_R)
                                         _1057_ (net)
                  8.55    0.01  440.55 v _1379_/A2 (OAI21x1_ASAP7_75t_R)
     2    1.78   21.74   11.22  451.76 ^ _1379_/Y (OAI21x1_ASAP7_75t_R)
                                         _1058_ (net)
                 21.74    0.06  451.82 ^ _1380_/B (OA211x2_ASAP7_75t_R)
     1    0.58    8.50   21.70  473.52 ^ _1380_/Y (OA211x2_ASAP7_75t_R)
                                         _1059_ (net)
                  8.50    0.01  473.54 ^ _1382_/A2 (AO22x1_ASAP7_75t_R)
     1    1.05   11.62   18.14  491.67 ^ _1382_/Y (AO22x1_ASAP7_75t_R)
                                         _1061_ (net)
                 11.62    0.01  491.68 ^ _1383_/B (XNOR2x2_ASAP7_75t_R)
     1    0.60    7.44   28.56  520.24 v _1383_/Y (XNOR2x2_ASAP7_75t_R)
                                         _1062_ (net)
                  7.44    0.00  520.25 v _1384_/B (OR2x2_ASAP7_75t_R)
     1    0.64    6.88   18.12  538.37 v _1384_/Y (OR2x2_ASAP7_75t_R)
                                         _0110_ (net)
                  6.88    0.00  538.37 v credit_pi_route_inst.l_counters_inst.o_credits[4]$_SDFFE_PP1P_/D (DFFHQNx3_ASAP7_75t_R)
                                538.37   data arrival time

                  0.00 1000.00 1000.00   clock core_clock (rise edge)
                          0.00 1000.00   clock network delay (ideal)
                          0.00 1000.00   clock reconvergence pessimism
                               1000.00 ^ credit_pi_route_inst.l_counters_inst.o_credits[4]$_SDFFE_PP1P_/CLK (DFFHQNx3_ASAP7_75t_R)
                        -10.25  989.75   library setup time
                                989.75   data required time
-----------------------------------------------------------------------------
                                989.75   data required time
                               -538.37   data arrival time
-----------------------------------------------------------------------------
                                451.38   slack (MET)



==========================================================================
resizer report_check_types -max_slew -max_cap -max_fanout -violators
--------------------------------------------------------------------------

==========================================================================
resizer max_slew_check_slack
--------------------------------------------------------------------------
240.7775115966797

==========================================================================
resizer max_slew_check_limit
--------------------------------------------------------------------------
320.0

==========================================================================
resizer max_slew_check_slack_limit
--------------------------------------------------------------------------
0.7524

==========================================================================
resizer max_fanout_check_slack
--------------------------------------------------------------------------
1.0000000150474662e+30

==========================================================================
resizer max_fanout_check_limit
--------------------------------------------------------------------------
1.0000000150474662e+30

==========================================================================
resizer max_capacitance_check_slack
--------------------------------------------------------------------------
20.349136352539062

==========================================================================
resizer max_capacitance_check_limit
--------------------------------------------------------------------------
23.040000915527344

==========================================================================
resizer max_capacitance_check_slack_limit
--------------------------------------------------------------------------
0.8832

==========================================================================
resizer max_slew_violation_count
--------------------------------------------------------------------------
max slew violation count 0

==========================================================================
resizer max_fanout_violation_count
--------------------------------------------------------------------------
max fanout violation count 0

==========================================================================
resizer max_cap_violation_count
--------------------------------------------------------------------------
max cap violation count 0

==========================================================================
resizer setup_violation_count
--------------------------------------------------------------------------
setup violation count 0

==========================================================================
resizer hold_violation_count
--------------------------------------------------------------------------
hold violation count 0

==========================================================================
resizer report_checks -path_delay max reg to reg
--------------------------------------------------------------------------
Startpoint: credit_pi_route_inst.l_counters_inst.o_credits[1]$_SDFFE_PP1P_
            (rising edge-triggered flip-flop clocked by core_clock)
Endpoint: credit_pi_route_inst.l_counters_inst.o_credits[4]$_SDFFE_PP1P_
          (rising edge-triggered flip-flop clocked by core_clock)
Path Group: core_clock
Path Type: max

  Delay    Time   Description
---------------------------------------------------------
   0.00    0.00   clock core_clock (rise edge)
   0.00    0.00   clock network delay (ideal)
   0.00    0.00 ^ credit_pi_route_inst.l_counters_inst.o_credits[1]$_SDFFE_PP1P_/CLK (DFFHQNx3_ASAP7_75t_R)
  49.72   49.72 ^ credit_pi_route_inst.l_counters_inst.o_credits[1]$_SDFFE_PP1P_/QN (DFFHQNx3_ASAP7_75t_R)
  41.53   91.26 ^ _1198_/Y (AND5x2_ASAP7_75t_R)
  12.18  103.44 v _1199_/Y (INVx2_ASAP7_75t_R)
  27.55  130.99 v _1212_/Y (AND3x4_ASAP7_75t_R)
  39.17  170.16 ^ _1225_/Y (AOI22x1_ASAP7_75t_R)
  39.99  210.15 v _1226_/Y (OAI21x1_ASAP7_75t_R)
  59.32  269.47 v _2462_/SN (HAxp5_ASAP7_75t_R)
  27.20  296.68 v _1378_/Y (OA21x2_ASAP7_75t_R)
  11.23  307.90 ^ _1379_/Y (OAI21x1_ASAP7_75t_R)
  21.76  329.66 ^ _1380_/Y (OA211x2_ASAP7_75t_R)
  18.15  347.81 ^ _1382_/Y (AO22x1_ASAP7_75t_R)
  28.57  376.38 v _1383_/Y (XNOR2x2_ASAP7_75t_R)
  18.12  394.51 v _1384_/Y (OR2x2_ASAP7_75t_R)
   0.00  394.51 v credit_pi_route_inst.l_counters_inst.o_credits[4]$_SDFFE_PP1P_/D (DFFHQNx3_ASAP7_75t_R)
         394.51   data arrival time

1000.00 1000.00   clock core_clock (rise edge)
   0.00 1000.00   clock network delay (ideal)
   0.00 1000.00   clock reconvergence pessimism
        1000.00 ^ credit_pi_route_inst.l_counters_inst.o_credits[4]$_SDFFE_PP1P_/CLK (DFFHQNx3_ASAP7_75t_R)
 -10.25  989.75   library setup time
         989.75   data required time
---------------------------------------------------------
         989.75   data required time
        -394.51   data arrival time
---------------------------------------------------------
         595.24   slack (MET)



==========================================================================
resizer report_checks -path_delay min reg to reg
--------------------------------------------------------------------------
Startpoint: credit_pi_route_inst.u1_counters_inst.o_credits[4]$_SDFFE_PP1P_
            (rising edge-triggered flip-flop clocked by core_clock)
Endpoint: credit_pi_route_inst.u1_counters_inst.o_credits[4]$_SDFFE_PP1P_
          (rising edge-triggered flip-flop clocked by core_clock)
Path Group: core_clock
Path Type: min

  Delay    Time   Description
---------------------------------------------------------
   0.00    0.00   clock core_clock (rise edge)
   0.00    0.00   clock network delay (ideal)
   0.00    0.00 ^ credit_pi_route_inst.u1_counters_inst.o_credits[4]$_SDFFE_PP1P_/CLK (DFFHQNx1_ASAP7_75t_R)
  34.97   34.97 ^ credit_pi_route_inst.u1_counters_inst.o_credits[4]$_SDFFE_PP1P_/QN (DFFHQNx1_ASAP7_75t_R)
  19.75   54.71 ^ _1529_/Y (XOR2x2_ASAP7_75t_R)
   6.04   60.76 v _1530_/Y (NAND2x1_ASAP7_75t_R)
   0.01   60.76 v credit_pi_route_inst.u1_counters_inst.o_credits[4]$_SDFFE_PP1P_/D (DFFHQNx1_ASAP7_75t_R)
          60.76   data arrival time

   0.00    0.00   clock core_clock (rise edge)
   0.00    0.00   clock network delay (ideal)
   0.00    0.00   clock reconvergence pessimism
           0.00 ^ credit_pi_route_inst.u1_counters_inst.o_credits[4]$_SDFFE_PP1P_/CLK (DFFHQNx1_ASAP7_75t_R)
   8.60    8.60   library hold time
           8.60   data required time
---------------------------------------------------------
           8.60   data required time
         -60.76   data arrival time
---------------------------------------------------------
          52.17   slack (MET)



==========================================================================
resizer critical path target clock latency max path
--------------------------------------------------------------------------
0.0000

==========================================================================
resizer critical path target clock latency min path
--------------------------------------------------------------------------
0.0000

==========================================================================
resizer critical path source clock latency min path
--------------------------------------------------------------------------
0.0000

==========================================================================
resizer critical path delay
--------------------------------------------------------------------------
538.3682

==========================================================================
resizer critical path slack
--------------------------------------------------------------------------
451.3849

==========================================================================
resizer slack div critical path delay
--------------------------------------------------------------------------
83.843158

==========================================================================
resizer report_power
--------------------------------------------------------------------------
Group                  Internal  Switching    Leakage      Total
                          Power      Power      Power      Power (Watts)
----------------------------------------------------------------
Sequential             1.06e-04   1.87e-05   7.85e-09   1.24e-04  22.1%
Combinational          2.71e-04   1.67e-04   1.67e-07   4.38e-04  77.9%
Clock                  0.00e+00   0.00e+00   0.00e+00   0.00e+00   0.0%
Macro                  0.00e+00   0.00e+00   0.00e+00   0.00e+00   0.0%
Pad                    0.00e+00   0.00e+00   0.00e+00   0.00e+00   0.0%
----------------------------------------------------------------
Total                  3.76e-04   1.86e-04   1.75e-07   5.62e-04 100.0%
                          66.9%      33.0%       0.0%
